[0;34m[i][0m Docker 版本: Docker version 28.1.1, build 4eba377

[0;34m[i][0m ==========================================
[0;34m[i][0m   构建 Docker 镜像
[0;34m[i][0m ==========================================

[0;34m[i][0m 构建后端镜像...
#0 building with "desktop-linux" instance using docker driver

#1 [internal] load build definition from Dockerfile.backend
#1 transferring dockerfile: 2.41kB done
#1 DONE 0.0s

#2 [internal] load metadata for docker.m.daocloud.io/library/python:3.11-slim
#2 DONE 0.7s

#3 [internal] load .dockerignore
#3 transferring context: 542B 0.0s done
#3 DONE 0.0s

#4 [builder 1/4] FROM docker.m.daocloud.io/library/python:3.11-slim@sha256:9c900dea9e8fb7e16277c179b555cc72d29a352dbc33cff48ad5a0412fd5bfc7
#4 DONE 0.0s

#5 [internal] load build context
#5 transferring context: 5.88kB 0.0s done
#5 DONE 0.0s

#6 [stage-1 4/7] RUN apt-get update     && apt-get install -y --no-install-recommends libreoffice-writer-nogui fonts-noto-cjk     && rm -rf /var/lib/apt/lists/*
#6 CACHED

#7 [stage-1 6/7] COPY backend/ ./backend/
#7 CACHED

#8 [builder 3/4] COPY backend/requirements.txt .
#8 CACHED

#9 [builder 4/4] RUN pip install --no-cache-dir --upgrade pip -i https://mirrors.aliyun.com/pypi/simple     && pip install --no-cache-dir --prefix=/install torch --index-url https://download.pytorch.org/whl/cpu     && PYTHONPATH=/install/lib/python3.11/site-packages pip install --no-cache-dir --prefix=/install -r requirements.txt -i https://mirrors.aliyun.com/pypi/simple
#9 CACHED

#10 [stage-1 2/7] WORKDIR /app
#10 CACHED

#11 [builder 2/4] WORKDIR /build
#11 CACHED

#12 [stage-1 3/7] COPY --from=builder /install /usr/local
#12 CACHED

#13 [stage-1 5/7] RUN mkdir -p /app/backend /app/data/uploads /app/data/vector_store /app/data/knowledge
#13 CACHED

#14 [stage-1 7/7] WORKDIR /app/backend
#14 CACHED

#15 exporting to image
#15 exporting layers done
#15 writing image sha256:cf111e2f1ce8c74c86c4ce5d5dbc1271ec4dc19d3169cc30356df4b97b900a1f done
#15 naming to docker.io/library/jianzirumian-backend:latest done
#15 DONE 0.0s
[0;32m[✓][0m 后端镜像构建完成: jianzirumian-backend:latest
[0;34m[i][0m 构建前端镜像...
#0 building with "desktop-linux" instance using docker driver

#1 [internal] load build definition from Dockerfile.frontend
#1 transferring dockerfile: 1.49kB 0.0s done
#1 DONE 0.1s

#2 [internal] load metadata for docker.m.daocloud.io/library/node:22-alpine
#2 ...

#3 [internal] load metadata for docker.m.daocloud.io/library/nginx:1.28-alpine
#3 DONE 0.6s

#2 [internal] load metadata for docker.m.daocloud.io/library/node:22-alpine
#2 DONE 0.6s

#4 [internal] load .dockerignore
#4 transferring context: 542B 0.0s done
#4 DONE 0.0s

#5 [builder 1/6] FROM docker.m.daocloud.io/library/node:22-alpine@sha256:c610fcdfb1d5b4740dd70c284ed3cb16bb857e0f7166196e36a5501df7a3aa32
#5 DONE 0.0s

#6 [stage-1 1/4] FROM docker.m.daocloud.io/library/nginx:1.28-alpine@sha256:a8b39bd9cf0f83869a2162827a0caf6137ddf759d50a171451b335cecc87d236
#6 DONE 0.0s

#7 [internal] load build context
#7 transferring context: 607.15kB 0.1s done
#7 DONE 0.1s

#8 [builder 2/6] WORKDIR /build
#8 CACHED

#9 [builder 3/6] COPY frontend/package.json frontend/package-lock.json ./
#9 CACHED

#10 [builder 4/6] RUN npm ci
#10 CACHED

#11 [builder 5/6] COPY frontend/ ./
#11 DONE 0.1s

#12 [builder 6/6] RUN npm run build
#12 3.864 
#12 3.864 > jianziruyang@1.0.0 build
#12 3.864 > vite build
#12 3.864 
#12 5.905 vite v8.1.5 building client environment for production...
#12 6.230 [2Ktransforming...✓ 475 modules transformed.
#12 14.55 rendering chunks...
#12 15.60 computing gzip size...
#12 15.62 dist/index.html                                         3.10 kB │ gzip:   1.47 kB
#12 15.62 dist/assets/KaTeX_Size3-Regular-CTq5MqoE.woff           4.42 kB
#12 15.62 dist/assets/KaTeX_Size4-Regular-Dl5lxZxV.woff2          4.92 kB
#12 15.62 dist/assets/KaTeX_Size2-Regular-Dy4dx90m.woff2          5.20 kB
#12 15.62 dist/assets/KaTeX_Size1-Regular-mCD8mA8B.woff2          5.46 kB
#12 15.62 dist/assets/KaTeX_Size4-Regular-BF-4gkZK.woff           5.98 kB
#12 15.62 dist/assets/KaTeX_Size2-Regular-oD1tc_U0.woff           6.18 kB
#12 15.62 dist/assets/KaTeX_Size1-Regular-C195tn64.woff           6.49 kB
#12 15.62 dist/assets/KaTeX_Caligraphic-Regular-Di6jR-x-.woff2    6.90 kB
#12 15.62 dist/assets/KaTeX_Caligraphic-Bold-Dq_IR9rO.woff2       6.91 kB
#12 15.62 dist/assets/KaTeX_Size3-Regular-DgpXs0kz.ttf            7.58 kB
#12 15.62 dist/assets/KaTeX_Caligraphic-Regular-CTRA-rTL.woff     7.65 kB
#12 15.62 dist/assets/KaTeX_Caligraphic-Bold-BEiXGLvX.woff        7.71 kB
#12 15.62 dist/assets/KaTeX_Script-Regular-D3wIWfF6.woff2         9.64 kB
#12 15.62 dist/assets/KaTeX_SansSerif-Regular-DDBCnlJ7.woff2     10.34 kB
#12 15.62 dist/assets/KaTeX_Size4-Regular-DWFBv043.ttf           10.36 kB
#12 15.62 dist/assets/KaTeX_Script-Regular-D5yQViql.woff         10.58 kB
#12 15.62 dist/assets/KaTeX_Fraktur-Regular-CTYiF6lA.woff2       11.31 kB
#12 15.62 dist/assets/KaTeX_Fraktur-Bold-CL6g_b3V.woff2          11.34 kB
#12 15.62 dist/assets/KaTeX_Size2-Regular-B7gKUWhC.ttf           11.50 kB
#12 15.62 dist/assets/KaTeX_SansSerif-Italic-C3H0VqGB.woff2      12.02 kB
#12 15.62 dist/assets/KaTeX_SansSerif-Bold-D1sUS0GD.woff2        12.21 kB
#12 15.62 dist/assets/KaTeX_Size1-Regular-Dbsnue_I.ttf           12.22 kB
#12 15.62 dist/assets/KaTeX_SansSerif-Regular-CS6fqUqJ.woff      12.31 kB
#12 15.62 dist/assets/KaTeX_Caligraphic-Regular-wX97UBjC.ttf     12.34 kB
#12 15.62 dist/assets/KaTeX_Caligraphic-Bold-ATXxdsX0.ttf        12.36 kB
#12 15.62 dist/assets/KaTeX_Fraktur-Regular-Dxdc4cR9.woff        13.20 kB
#12 15.62 dist/assets/KaTeX_Fraktur-Bold-BsDP51OF.woff           13.29 kB
#12 15.62 dist/assets/KaTeX_Typewriter-Regular-CO6r4hn1.woff2    13.56 kB
#12 15.62 dist/assets/KaTeX_SansSerif-Italic-DN2j7dab.woff       14.11 kB
#12 15.62 dist/assets/KaTeX_SansSerif-Bold-DbIhKOiC.woff         14.40 kB
#12 15.62 dist/assets/KaTeX_Typewriter-Regular-C0xS9mPB.woff     16.02 kB
#12 15.62 dist/assets/KaTeX_Math-BoldItalic-CZnvNsCZ.woff2       16.40 kB
#12 15.62 dist/assets/KaTeX_Math-Italic-t53AETM-.woff2           16.44 kB
#12 15.62 dist/assets/KaTeX_Script-Regular-C5JkGWo-.ttf          16.64 kB
#12 15.62 dist/assets/KaTeX_Main-BoldItalic-DxDJ3AOS.woff2       16.78 kB
#12 15.62 dist/assets/KaTeX_Main-Italic-NWA7e6Wa.woff2           16.98 kB
#12 15.62 dist/assets/KaTeX_Math-BoldItalic-iY-2wyZ7.woff        18.66 kB
#12 15.62 dist/assets/KaTeX_Math-Italic-DA0__PXp.woff            18.74 kB
#12 15.62 dist/assets/KaTeX_Main-BoldItalic-SpSLRI95.woff        19.41 kB
#12 15.62 dist/assets/KaTeX_SansSerif-Regular-BNo7hRIc.ttf       19.43 kB
#12 15.62 dist/assets/KaTeX_Fraktur-Regular-CB_wures.ttf         19.57 kB
#12 15.62 dist/assets/KaTeX_Fraktur-Bold-BdnERNNW.ttf            19.58 kB
#12 15.62 dist/assets/KaTeX_Main-Italic-BMLOBm91.woff            19.67 kB
#12 15.62 dist/assets/KaTeX_SansSerif-Italic-YYjJ1zSn.ttf        22.36 kB
#12 15.62 dist/assets/KaTeX_SansSerif-Bold-CFMepnvq.ttf          24.50 kB
#12 15.62 dist/assets/KaTeX_Main-Bold-Cx986IdX.woff2             25.32 kB
#12 15.62 dist/assets/KaTeX_Main-Regular-B22Nviop.woff2          26.27 kB
#12 15.62 dist/assets/KaTeX_Typewriter-Regular-D3Ib7_Hf.ttf      27.55 kB
#12 15.62 dist/assets/KaTeX_AMS-Regular-BQhdFMY1.woff2           28.07 kB
#12 15.62 dist/assets/KaTeX_Main-Bold-Jm3AIy58.woff              29.91 kB
#12 15.62 dist/assets/KaTeX_Main-Regular-Dr94JaBh.woff           30.77 kB
#12 15.62 dist/assets/KaTeX_Math-BoldItalic-B3XSjfu4.ttf         31.19 kB
#12 15.62 dist/assets/KaTeX_Math-Italic-flOr_0UB.ttf             31.30 kB
#12 15.62 dist/assets/KaTeX_Main-BoldItalic-DzxPMmG6.ttf         32.96 kB
#12 15.62 dist/assets/KaTeX_AMS-Regular-DMm9YOAa.woff            33.51 kB
#12 15.62 dist/assets/KaTeX_Main-Italic-3WenGoN9.ttf             33.58 kB
#12 15.62 dist/assets/KaTeX_Main-Bold-waoOVXN0.ttf               51.33 kB
#12 15.62 dist/assets/KaTeX_Main-Regular-ypZvNtVU.ttf            53.58 kB
#12 15.62 dist/assets/KaTeX_AMS-Regular-DRggAlZN.ttf             63.63 kB
#12 15.62 dist/assets/AttachmentPreviewView-ChnDE_Y8.css          1.74 kB │ gzip:   0.67 kB
#12 15.62 dist/assets/RegisterView-B0y8IwSW.css                   2.51 kB │ gzip:   0.87 kB
#12 15.62 dist/assets/DocPreviewView-c6pPSwIj.css                 2.85 kB │ gzip:   0.91 kB
#12 15.62 dist/assets/LoginView-xzNE6nMf.css                      3.46 kB │ gzip:   1.05 kB
#12 15.62 dist/assets/GuideView-DPCq1Dbf.css                      4.90 kB │ gzip:   1.29 kB
#12 15.62 dist/assets/UserManagementView-CdH20nXO.css             6.95 kB │ gzip:   1.63 kB
#12 15.62 dist/assets/BookmarksView-CC1B7yEE.css                 10.63 kB │ gzip:   2.19 kB
#12 15.62 dist/assets/ChatView-D13BjHT3.css                      17.38 kB │ gzip:   3.18 kB
#12 15.62 dist/assets/index-BjRG56Ns.css                         23.25 kB │ gzip:   5.21 kB
#12 15.62 dist/assets/KnowledgeUpload-eqcZFot1.css               24.63 kB │ gzip:   4.11 kB
#12 15.62 dist/assets/markdown-vendor-ClQbWekD.css               29.73 kB │ gzip:   7.94 kB
#12 15.62 dist/assets/ManagementView-Bwj_iY_x.css                30.18 kB │ gzip:   4.91 kB
#12 15.62 dist/assets/rolldown-runtime-DAXXjFlN.js                1.26 kB │ gzip:   0.70 kB
#12 15.62 dist/assets/AttachmentPreviewView-CdHJQFEO.js           2.51 kB │ gzip:   1.21 kB
#12 15.62 dist/assets/LoginView-EWzFYjhW.js                       3.19 kB │ gzip:   1.62 kB
#12 15.62 dist/assets/RegisterView-7FWSh3Aw.js                    3.47 kB │ gzip:   1.67 kB
#12 15.62 dist/assets/UserManagementView-Br0d2aLF.js              7.73 kB │ gzip:   3.15 kB
#12 15.62 dist/assets/BookmarksView-DrtWuVee.js                  10.51 kB │ gzip:   3.90 kB
#12 15.62 dist/assets/GuideView-B7UsG3ym.js                      20.39 kB │ gzip:   6.62 kB
#12 15.62 dist/assets/ChatView-zdS0No0k.js                       30.30 kB │ gzip:   9.98 kB
#12 15.62 dist/assets/index-dcoDpgKg.js                          37.22 kB │ gzip:  11.90 kB
#12 15.62 dist/assets/KnowledgeUpload-DQvXCcKE.js                43.72 kB │ gzip:  13.22 kB
#12 15.62 dist/assets/ManagementView-CC5iiCF5.js                 62.86 kB │ gzip:  16.66 kB
#12 15.62 dist/assets/misc-vendor-D2s1YuZs.js                    84.38 kB │ gzip:  28.14 kB
#12 15.62 dist/assets/vue-vendor-DIONe5-6.js                    100.33 kB │ gzip:  38.61 kB
#12 15.62 dist/assets/markdown-vendor-CgzG_KP8.js               360.88 kB │ gzip: 122.96 kB
#12 15.62 dist/assets/DocPreviewView-gy8zyG6h.js                500.53 kB │ gzip: 126.96 kB
#12 15.62 
#12 15.63 ✓ built in 9.72s
#12 15.63 [33m[PLUGIN_TIMINGS] [0mYour build spent significant time in plugins. Here is a breakdown:
#12 15.63   - vite:vue (68%)
#12 15.63   - vite:css (20%)
#12 15.63 See https://rolldown.rs/reference/InputOptions.checks#plugintimings for more details.
#12 15.63 
#12 15.63 [plugin builtin:vite-reporter] 
#12 15.63 (!) Some chunks are larger than 500 kB after minification. Consider:
#12 15.63 - Using dynamic import() to code-split the application
#12 15.63 - Use build.rolldownOptions.output.codeSplitting to improve chunking: https://rolldown.rs/reference/OutputOptions.codeSplitting
#12 15.63 - Adjust chunk size limit for this warning via build.chunkSizeWarningLimit.
#12 15.68 npm notice
#12 15.68 npm notice New major version of npm available! 10.9.8 -> 12.0.2
#12 15.68 npm notice Changelog: https://github.com/npm/cli/releases/tag/v12.0.2
#12 15.68 npm notice To update run: npm install -g npm@12.0.2
#12 15.68 npm notice
#12 DONE 15.8s

#13 [stage-1 2/4] RUN apk add --no-cache gettext
#13 CACHED

#14 [stage-1 3/4] COPY --from=builder /build/dist /usr/share/nginx/html
#14 DONE 0.1s

#15 [stage-1 4/4] COPY nginx.conf /etc/nginx/conf.d/default.conf.template
#15 DONE 0.1s

#16 exporting to image
#16 exporting layers 0.1s done
#16 writing image sha256:00cdfbf9da9fab4f52ddc3c15d5706d86169056360543aa8ebccc63f64529c03 done
#16 naming to docker.io/library/jianzirumian-frontend:latest done
#16 DONE 0.2s
[0;32m[✓][0m 前端镜像构建完成: jianzirumian-frontend:latest

[0;32m[✓][0m 镜像列表：
jianzirumian-frontend                latest      68.8MB
jianzirumian-backend                 latest      2.27GB
[0;34m[i][0m Docker 版本: Docker version 28.1.1, build 4eba377

[0;34m[i][0m ==========================================
[0;34m[i][0m   导出镜像为 tar 文件
[0;34m[i][0m ==========================================

[0;34m[i][0m 导出后端镜像...
[0;32m[✓][0m 已导出: /Users/bynn/APPS/Projects/aiProjects/qcoder/jianziruyang/docker-images/jianzirumian-backend.tar.gz (752M)
[0;34m[i][0m 导出前端镜像...
[0;32m[✓][0m 已导出: /Users/bynn/APPS/Projects/aiProjects/qcoder/jianziruyang/docker-images/jianzirumian-frontend.tar.gz ( 27M)

[0;32m[✓][0m 所有文件已导出到: /Users/bynn/APPS/Projects/aiProjects/qcoder/jianziruyang/docker-images/
total 11189632
-rwxr-xr-x  1 bynn  staff    10K  7 29 13:26 deploy-aliyun.sh
-rw-r--r--  1 bynn  staff   2.3K  8 21 23:50 docker-compose.yml
-rw-r--r--  1 bynn  staff   745M  8 21 23:49 jianzirumian-backend.tar.gz
-rw-r--r--  1 bynn  staff   4.6G  8 12 00:53 jianzirumian-deploy.tar.gz
-rw-r--r--  1 bynn  staff    27M  8 21 23:50 jianzirumian-frontend.tar.gz
-rw-r--r--  1 bynn  staff    24M  7 24 00:18 jianziruyang-frontend.tar.gz
-rw-r--r--  1 bynn  staff   2.0K  8 21 23:50 nginx.conf

[0;34m[i][0m 打包所有文件为单个压缩包...
[0;32m[✓][0m 部署包: /Users/bynn/APPS/Projects/aiProjects/qcoder/jianziruyang/docker-images/jianzirumian-deploy.tar.gz (5.3G)

[0;34m[i][0m ==========================================
[0;34m[i][0m   上传部署包到阿里云服务器
[0;34m[i][0m ==========================================

[0;34m[i][0m 上传到 root@114.55.62.152:/opt/jianziruyang/
[0;34m[i][0m 连接测试中...
Permission denied, please try again.
Permission denied, please try again.
root@114.55.62.152: Permission denied (publickey,gssapi-keyex,gssapi-with-mic,password).
